edges/imgs/train/rgbr/aug/Black_1.jpg edges/edge_maps/train/rgbr/aug/Black_1.png
edges/imgs/train/rgbr/aug/Black_10.jpg edges/edge_maps/train/rgbr/aug/Black_10.png
edges/imgs/train/rgbr/aug/Black_10_flip_h.jpg edges/edge_maps/train/rgbr/aug/Black_10_flip_h.png
edges/imgs/train/rgbr/aug/Black_10_flip_v.jpg edges/edge_maps/train/rgbr/aug/Black_10_flip_v.png
edges/imgs/train/rgbr/aug/Black_10_sat_high.jpg edges/edge_maps/train/rgbr/aug/Black_10_sat_high.png
edges/imgs/train/rgbr/aug/Black_10_sat_low.jpg edges/edge_maps/train/rgbr/aug/Black_10_sat_low.png
edges/imgs/train/rgbr/aug/Black_11.jpg edges/edge_maps/train/rgbr/aug/Black_11.png
edges/imgs/train/rgbr/aug/Black_11_flip_h.jpg edges/edge_maps/train/rgbr/aug/Black_11_flip_h.png
edges/imgs/train/rgbr/aug/Black_11_flip_v.jpg edges/edge_maps/train/rgbr/aug/Black_11_flip_v.png
edges/imgs/train/rgbr/aug/Black_11_sat_high.jpg edges/edge_maps/train/rgbr/aug/Black_11_sat_high.png
edges/imgs/train/rgbr/aug/Black_11_sat_low.jpg edges/edge_maps/train/rgbr/aug/Black_11_sat_low.png
edges/imgs/train/rgbr/aug/Black_14.jpg edges/edge_maps/train/rgbr/aug/Black_14.png
edges/imgs/train/rgbr/aug/Black_14_flip_h.jpg edges/edge_maps/train/rgbr/aug/Black_14_flip_h.png
edges/imgs/train/rgbr/aug/Black_14_flip_v.jpg edges/edge_maps/train/rgbr/aug/Black_14_flip_v.png
edges/imgs/train/rgbr/aug/Black_14_sat_high.jpg edges/edge_maps/train/rgbr/aug/Black_14_sat_high.png
edges/imgs/train/rgbr/aug/Black_14_sat_low.jpg edges/edge_maps/train/rgbr/aug/Black_14_sat_low.png
edges/imgs/train/rgbr/aug/Black_15.jpg edges/edge_maps/train/rgbr/aug/Black_15.png
edges/imgs/train/rgbr/aug/Black_15_flip_h.jpg edges/edge_maps/train/rgbr/aug/Black_15_flip_h.png
edges/imgs/train/rgbr/aug/Black_15_flip_v.jpg edges/edge_maps/train/rgbr/aug/Black_15_flip_v.png
edges/imgs/train/rgbr/aug/Black_15_sat_high.jpg edges/edge_maps/train/rgbr/aug/Black_15_sat_high.png
edges/imgs/train/rgbr/aug/Black_15_sat_low.jpg edges/edge_maps/train/rgbr/aug/Black_15_sat_low.png
edges/imgs/train/rgbr/aug/Black_16.jpg edges/edge_maps/train/rgbr/aug/Black_16.png
edges/imgs/train/rgbr/aug/Black_16_flip_h.jpg edges/edge_maps/train/rgbr/aug/Black_16_flip_h.png
edges/imgs/train/rgbr/aug/Black_16_flip_v.jpg edges/edge_maps/train/rgbr/aug/Black_16_flip_v.png
edges/imgs/train/rgbr/aug/Black_16_sat_high.jpg edges/edge_maps/train/rgbr/aug/Black_16_sat_high.png
edges/imgs/train/rgbr/aug/Black_16_sat_low.jpg edges/edge_maps/train/rgbr/aug/Black_16_sat_low.png
edges/imgs/train/rgbr/aug/Black_17.jpg edges/edge_maps/train/rgbr/aug/Black_17.png
edges/imgs/train/rgbr/aug/Black_17_flip_h.jpg edges/edge_maps/train/rgbr/aug/Black_17_flip_h.png
edges/imgs/train/rgbr/aug/Black_17_flip_v.jpg edges/edge_maps/train/rgbr/aug/Black_17_flip_v.png
edges/imgs/train/rgbr/aug/Black_17_sat_high.jpg edges/edge_maps/train/rgbr/aug/Black_17_sat_high.png
edges/imgs/train/rgbr/aug/Black_17_sat_low.jpg edges/edge_maps/train/rgbr/aug/Black_17_sat_low.png
edges/imgs/train/rgbr/aug/Black_18.jpg edges/edge_maps/train/rgbr/aug/Black_18.png
edges/imgs/train/rgbr/aug/Black_18_flip_h.jpg edges/edge_maps/train/rgbr/aug/Black_18_flip_h.png
edges/imgs/train/rgbr/aug/Black_18_flip_v.jpg edges/edge_maps/train/rgbr/aug/Black_18_flip_v.png
edges/imgs/train/rgbr/aug/Black_18_sat_high.jpg edges/edge_maps/train/rgbr/aug/Black_18_sat_high.png
edges/imgs/train/rgbr/aug/Black_18_sat_low.jpg edges/edge_maps/train/rgbr/aug/Black_18_sat_low.png
edges/imgs/train/rgbr/aug/Black_19.jpg edges/edge_maps/train/rgbr/aug/Black_19.png
edges/imgs/train/rgbr/aug/Black_19_flip_h.jpg edges/edge_maps/train/rgbr/aug/Black_19_flip_h.png
edges/imgs/train/rgbr/aug/Black_19_flip_v.jpg edges/edge_maps/train/rgbr/aug/Black_19_flip_v.png
edges/imgs/train/rgbr/aug/Black_19_sat_high.jpg edges/edge_maps/train/rgbr/aug/Black_19_sat_high.png
edges/imgs/train/rgbr/aug/Black_19_sat_low.jpg edges/edge_maps/train/rgbr/aug/Black_19_sat_low.png
edges/imgs/train/rgbr/aug/Black_1_flip_h.jpg edges/edge_maps/train/rgbr/aug/Black_1_flip_h.png
edges/imgs/train/rgbr/aug/Black_1_flip_v.jpg edges/edge_maps/train/rgbr/aug/Black_1_flip_v.png
edges/imgs/train/rgbr/aug/Black_1_sat_high.jpg edges/edge_maps/train/rgbr/aug/Black_1_sat_high.png
edges/imgs/train/rgbr/aug/Black_1_sat_low.jpg edges/edge_maps/train/rgbr/aug/Black_1_sat_low.png
edges/imgs/train/rgbr/aug/Black_20.jpg edges/edge_maps/train/rgbr/aug/Black_20.png
edges/imgs/train/rgbr/aug/Black_20_flip_h.jpg edges/edge_maps/train/rgbr/aug/Black_20_flip_h.png
edges/imgs/train/rgbr/aug/Black_20_flip_v.jpg edges/edge_maps/train/rgbr/aug/Black_20_flip_v.png
edges/imgs/train/rgbr/aug/Black_20_sat_high.jpg edges/edge_maps/train/rgbr/aug/Black_20_sat_high.png
edges/imgs/train/rgbr/aug/Black_20_sat_low.jpg edges/edge_maps/train/rgbr/aug/Black_20_sat_low.png
edges/imgs/train/rgbr/aug/Black_23.jpg edges/edge_maps/train/rgbr/aug/Black_23.png
edges/imgs/train/rgbr/aug/Black_23_flip_h.jpg edges/edge_maps/train/rgbr/aug/Black_23_flip_h.png
edges/imgs/train/rgbr/aug/Black_23_flip_v.jpg edges/edge_maps/train/rgbr/aug/Black_23_flip_v.png
edges/imgs/train/rgbr/aug/Black_23_sat_high.jpg edges/edge_maps/train/rgbr/aug/Black_23_sat_high.png
edges/imgs/train/rgbr/aug/Black_23_sat_low.jpg edges/edge_maps/train/rgbr/aug/Black_23_sat_low.png
edges/imgs/train/rgbr/aug/Black_24.jpg edges/edge_maps/train/rgbr/aug/Black_24.png
edges/imgs/train/rgbr/aug/Black_24_flip_h.jpg edges/edge_maps/train/rgbr/aug/Black_24_flip_h.png
edges/imgs/train/rgbr/aug/Black_24_flip_v.jpg edges/edge_maps/train/rgbr/aug/Black_24_flip_v.png
edges/imgs/train/rgbr/aug/Black_24_sat_high.jpg edges/edge_maps/train/rgbr/aug/Black_24_sat_high.png
edges/imgs/train/rgbr/aug/Black_24_sat_low.jpg edges/edge_maps/train/rgbr/aug/Black_24_sat_low.png
edges/imgs/train/rgbr/aug/Black_26.jpg edges/edge_maps/train/rgbr/aug/Black_26.png
edges/imgs/train/rgbr/aug/Black_26_flip_h.jpg edges/edge_maps/train/rgbr/aug/Black_26_flip_h.png
edges/imgs/train/rgbr/aug/Black_26_flip_v.jpg edges/edge_maps/train/rgbr/aug/Black_26_flip_v.png
edges/imgs/train/rgbr/aug/Black_26_sat_high.jpg edges/edge_maps/train/rgbr/aug/Black_26_sat_high.png
edges/imgs/train/rgbr/aug/Black_26_sat_low.jpg edges/edge_maps/train/rgbr/aug/Black_26_sat_low.png
edges/imgs/train/rgbr/aug/Black_27.jpg edges/edge_maps/train/rgbr/aug/Black_27.png
edges/imgs/train/rgbr/aug/Black_27_flip_h.jpg edges/edge_maps/train/rgbr/aug/Black_27_flip_h.png
edges/imgs/train/rgbr/aug/Black_27_flip_v.jpg edges/edge_maps/train/rgbr/aug/Black_27_flip_v.png
edges/imgs/train/rgbr/aug/Black_27_sat_high.jpg edges/edge_maps/train/rgbr/aug/Black_27_sat_high.png
edges/imgs/train/rgbr/aug/Black_27_sat_low.jpg edges/edge_maps/train/rgbr/aug/Black_27_sat_low.png
edges/imgs/train/rgbr/aug/Black_28.jpg edges/edge_maps/train/rgbr/aug/Black_28.png
edges/imgs/train/rgbr/aug/Black_28_flip_h.jpg edges/edge_maps/train/rgbr/aug/Black_28_flip_h.png
edges/imgs/train/rgbr/aug/Black_28_flip_v.jpg edges/edge_maps/train/rgbr/aug/Black_28_flip_v.png
edges/imgs/train/rgbr/aug/Black_28_sat_high.jpg edges/edge_maps/train/rgbr/aug/Black_28_sat_high.png
edges/imgs/train/rgbr/aug/Black_28_sat_low.jpg edges/edge_maps/train/rgbr/aug/Black_28_sat_low.png
edges/imgs/train/rgbr/aug/Black_29.jpg edges/edge_maps/train/rgbr/aug/Black_29.png
edges/imgs/train/rgbr/aug/Black_29_flip_h.jpg edges/edge_maps/train/rgbr/aug/Black_29_flip_h.png
edges/imgs/train/rgbr/aug/Black_29_flip_v.jpg edges/edge_maps/train/rgbr/aug/Black_29_flip_v.png
edges/imgs/train/rgbr/aug/Black_29_sat_high.jpg edges/edge_maps/train/rgbr/aug/Black_29_sat_high.png
edges/imgs/train/rgbr/aug/Black_29_sat_low.jpg edges/edge_maps/train/rgbr/aug/Black_29_sat_low.png
edges/imgs/train/rgbr/aug/Black_3.jpg edges/edge_maps/train/rgbr/aug/Black_3.png
edges/imgs/train/rgbr/aug/Black_30.jpg edges/edge_maps/train/rgbr/aug/Black_30.png
edges/imgs/train/rgbr/aug/Black_30_flip_h.jpg edges/edge_maps/train/rgbr/aug/Black_30_flip_h.png
edges/imgs/train/rgbr/aug/Black_30_flip_v.jpg edges/edge_maps/train/rgbr/aug/Black_30_flip_v.png
edges/imgs/train/rgbr/aug/Black_30_sat_high.jpg edges/edge_maps/train/rgbr/aug/Black_30_sat_high.png
edges/imgs/train/rgbr/aug/Black_30_sat_low.jpg edges/edge_maps/train/rgbr/aug/Black_30_sat_low.png
edges/imgs/train/rgbr/aug/Black_3_flip_h.jpg edges/edge_maps/train/rgbr/aug/Black_3_flip_h.png
edges/imgs/train/rgbr/aug/Black_3_flip_v.jpg edges/edge_maps/train/rgbr/aug/Black_3_flip_v.png
edges/imgs/train/rgbr/aug/Black_3_sat_high.jpg edges/edge_maps/train/rgbr/aug/Black_3_sat_high.png
edges/imgs/train/rgbr/aug/Black_3_sat_low.jpg edges/edge_maps/train/rgbr/aug/Black_3_sat_low.png
edges/imgs/train/rgbr/aug/Black_4.jpg edges/edge_maps/train/rgbr/aug/Black_4.png
edges/imgs/train/rgbr/aug/Black_4_flip_h.jpg edges/edge_maps/train/rgbr/aug/Black_4_flip_h.png
edges/imgs/train/rgbr/aug/Black_4_flip_v.jpg edges/edge_maps/train/rgbr/aug/Black_4_flip_v.png
edges/imgs/train/rgbr/aug/Black_4_sat_high.jpg edges/edge_maps/train/rgbr/aug/Black_4_sat_high.png
edges/imgs/train/rgbr/aug/Black_4_sat_low.jpg edges/edge_maps/train/rgbr/aug/Black_4_sat_low.png
edges/imgs/train/rgbr/aug/Black_5.jpg edges/edge_maps/train/rgbr/aug/Black_5.png
edges/imgs/train/rgbr/aug/Black_5_flip_h.jpg edges/edge_maps/train/rgbr/aug/Black_5_flip_h.png
edges/imgs/train/rgbr/aug/Black_5_flip_v.jpg edges/edge_maps/train/rgbr/aug/Black_5_flip_v.png
edges/imgs/train/rgbr/aug/Black_5_sat_high.jpg edges/edge_maps/train/rgbr/aug/Black_5_sat_high.png
edges/imgs/train/rgbr/aug/Black_5_sat_low.jpg edges/edge_maps/train/rgbr/aug/Black_5_sat_low.png
edges/imgs/train/rgbr/aug/Black_6.jpg edges/edge_maps/train/rgbr/aug/Black_6.png
edges/imgs/train/rgbr/aug/Black_6_flip_h.jpg edges/edge_maps/train/rgbr/aug/Black_6_flip_h.png
edges/imgs/train/rgbr/aug/Black_6_flip_v.jpg edges/edge_maps/train/rgbr/aug/Black_6_flip_v.png
edges/imgs/train/rgbr/aug/Black_6_sat_high.jpg edges/edge_maps/train/rgbr/aug/Black_6_sat_high.png
edges/imgs/train/rgbr/aug/Black_6_sat_low.jpg edges/edge_maps/train/rgbr/aug/Black_6_sat_low.png
edges/imgs/train/rgbr/aug/Green_1.jpg edges/edge_maps/train/rgbr/aug/Green_1.png
edges/imgs/train/rgbr/aug/Green_11.jpg edges/edge_maps/train/rgbr/aug/Green_11.png
edges/imgs/train/rgbr/aug/Green_11_flip_h.jpg edges/edge_maps/train/rgbr/aug/Green_11_flip_h.png
edges/imgs/train/rgbr/aug/Green_11_flip_v.jpg edges/edge_maps/train/rgbr/aug/Green_11_flip_v.png
edges/imgs/train/rgbr/aug/Green_11_sat_high.jpg edges/edge_maps/train/rgbr/aug/Green_11_sat_high.png
edges/imgs/train/rgbr/aug/Green_11_sat_low.jpg edges/edge_maps/train/rgbr/aug/Green_11_sat_low.png
edges/imgs/train/rgbr/aug/Green_12.jpg edges/edge_maps/train/rgbr/aug/Green_12.png
edges/imgs/train/rgbr/aug/Green_12_flip_h.jpg edges/edge_maps/train/rgbr/aug/Green_12_flip_h.png
edges/imgs/train/rgbr/aug/Green_12_flip_v.jpg edges/edge_maps/train/rgbr/aug/Green_12_flip_v.png
edges/imgs/train/rgbr/aug/Green_12_sat_high.jpg edges/edge_maps/train/rgbr/aug/Green_12_sat_high.png
edges/imgs/train/rgbr/aug/Green_12_sat_low.jpg edges/edge_maps/train/rgbr/aug/Green_12_sat_low.png
edges/imgs/train/rgbr/aug/Green_13.jpg edges/edge_maps/train/rgbr/aug/Green_13.png
edges/imgs/train/rgbr/aug/Green_13_flip_h.jpg edges/edge_maps/train/rgbr/aug/Green_13_flip_h.png
edges/imgs/train/rgbr/aug/Green_13_flip_v.jpg edges/edge_maps/train/rgbr/aug/Green_13_flip_v.png
edges/imgs/train/rgbr/aug/Green_13_sat_high.jpg edges/edge_maps/train/rgbr/aug/Green_13_sat_high.png
edges/imgs/train/rgbr/aug/Green_13_sat_low.jpg edges/edge_maps/train/rgbr/aug/Green_13_sat_low.png
edges/imgs/train/rgbr/aug/Green_15.jpg edges/edge_maps/train/rgbr/aug/Green_15.png
edges/imgs/train/rgbr/aug/Green_15_flip_h.jpg edges/edge_maps/train/rgbr/aug/Green_15_flip_h.png
edges/imgs/train/rgbr/aug/Green_15_flip_v.jpg edges/edge_maps/train/rgbr/aug/Green_15_flip_v.png
edges/imgs/train/rgbr/aug/Green_15_sat_high.jpg edges/edge_maps/train/rgbr/aug/Green_15_sat_high.png
edges/imgs/train/rgbr/aug/Green_15_sat_low.jpg edges/edge_maps/train/rgbr/aug/Green_15_sat_low.png
edges/imgs/train/rgbr/aug/Green_16.jpg edges/edge_maps/train/rgbr/aug/Green_16.png
edges/imgs/train/rgbr/aug/Green_16_flip_h.jpg edges/edge_maps/train/rgbr/aug/Green_16_flip_h.png
edges/imgs/train/rgbr/aug/Green_16_flip_v.jpg edges/edge_maps/train/rgbr/aug/Green_16_flip_v.png
edges/imgs/train/rgbr/aug/Green_16_sat_high.jpg edges/edge_maps/train/rgbr/aug/Green_16_sat_high.png
edges/imgs/train/rgbr/aug/Green_16_sat_low.jpg edges/edge_maps/train/rgbr/aug/Green_16_sat_low.png
edges/imgs/train/rgbr/aug/Green_17.jpg edges/edge_maps/train/rgbr/aug/Green_17.png
edges/imgs/train/rgbr/aug/Green_17_flip_h.jpg edges/edge_maps/train/rgbr/aug/Green_17_flip_h.png
edges/imgs/train/rgbr/aug/Green_17_flip_v.jpg edges/edge_maps/train/rgbr/aug/Green_17_flip_v.png
edges/imgs/train/rgbr/aug/Green_17_sat_high.jpg edges/edge_maps/train/rgbr/aug/Green_17_sat_high.png
edges/imgs/train/rgbr/aug/Green_17_sat_low.jpg edges/edge_maps/train/rgbr/aug/Green_17_sat_low.png
edges/imgs/train/rgbr/aug/Green_18.jpg edges/edge_maps/train/rgbr/aug/Green_18.png
edges/imgs/train/rgbr/aug/Green_18_flip_h.jpg edges/edge_maps/train/rgbr/aug/Green_18_flip_h.png
edges/imgs/train/rgbr/aug/Green_18_flip_v.jpg edges/edge_maps/train/rgbr/aug/Green_18_flip_v.png
edges/imgs/train/rgbr/aug/Green_18_sat_high.jpg edges/edge_maps/train/rgbr/aug/Green_18_sat_high.png
edges/imgs/train/rgbr/aug/Green_18_sat_low.jpg edges/edge_maps/train/rgbr/aug/Green_18_sat_low.png
edges/imgs/train/rgbr/aug/Green_19.jpg edges/edge_maps/train/rgbr/aug/Green_19.png
edges/imgs/train/rgbr/aug/Green_19_flip_h.jpg edges/edge_maps/train/rgbr/aug/Green_19_flip_h.png
edges/imgs/train/rgbr/aug/Green_19_flip_v.jpg edges/edge_maps/train/rgbr/aug/Green_19_flip_v.png
edges/imgs/train/rgbr/aug/Green_19_sat_high.jpg edges/edge_maps/train/rgbr/aug/Green_19_sat_high.png
edges/imgs/train/rgbr/aug/Green_19_sat_low.jpg edges/edge_maps/train/rgbr/aug/Green_19_sat_low.png
edges/imgs/train/rgbr/aug/Green_1_flip_h.jpg edges/edge_maps/train/rgbr/aug/Green_1_flip_h.png
edges/imgs/train/rgbr/aug/Green_1_flip_v.jpg edges/edge_maps/train/rgbr/aug/Green_1_flip_v.png
edges/imgs/train/rgbr/aug/Green_1_sat_high.jpg edges/edge_maps/train/rgbr/aug/Green_1_sat_high.png
edges/imgs/train/rgbr/aug/Green_1_sat_low.jpg edges/edge_maps/train/rgbr/aug/Green_1_sat_low.png
edges/imgs/train/rgbr/aug/Green_2.jpg edges/edge_maps/train/rgbr/aug/Green_2.png
edges/imgs/train/rgbr/aug/Green_20.jpg edges/edge_maps/train/rgbr/aug/Green_20.png
edges/imgs/train/rgbr/aug/Green_20_flip_h.jpg edges/edge_maps/train/rgbr/aug/Green_20_flip_h.png
edges/imgs/train/rgbr/aug/Green_20_flip_v.jpg edges/edge_maps/train/rgbr/aug/Green_20_flip_v.png
edges/imgs/train/rgbr/aug/Green_20_sat_high.jpg edges/edge_maps/train/rgbr/aug/Green_20_sat_high.png
edges/imgs/train/rgbr/aug/Green_20_sat_low.jpg edges/edge_maps/train/rgbr/aug/Green_20_sat_low.png
edges/imgs/train/rgbr/aug/Green_21.jpg edges/edge_maps/train/rgbr/aug/Green_21.png
edges/imgs/train/rgbr/aug/Green_21_flip_h.jpg edges/edge_maps/train/rgbr/aug/Green_21_flip_h.png
edges/imgs/train/rgbr/aug/Green_21_flip_v.jpg edges/edge_maps/train/rgbr/aug/Green_21_flip_v.png
edges/imgs/train/rgbr/aug/Green_21_sat_high.jpg edges/edge_maps/train/rgbr/aug/Green_21_sat_high.png
edges/imgs/train/rgbr/aug/Green_21_sat_low.jpg edges/edge_maps/train/rgbr/aug/Green_21_sat_low.png
edges/imgs/train/rgbr/aug/Green_22.jpg edges/edge_maps/train/rgbr/aug/Green_22.png
edges/imgs/train/rgbr/aug/Green_22_flip_h.jpg edges/edge_maps/train/rgbr/aug/Green_22_flip_h.png
edges/imgs/train/rgbr/aug/Green_22_flip_v.jpg edges/edge_maps/train/rgbr/aug/Green_22_flip_v.png
edges/imgs/train/rgbr/aug/Green_22_sat_high.jpg edges/edge_maps/train/rgbr/aug/Green_22_sat_high.png
edges/imgs/train/rgbr/aug/Green_22_sat_low.jpg edges/edge_maps/train/rgbr/aug/Green_22_sat_low.png
edges/imgs/train/rgbr/aug/Green_23.jpg edges/edge_maps/train/rgbr/aug/Green_23.png
edges/imgs/train/rgbr/aug/Green_23_flip_h.jpg edges/edge_maps/train/rgbr/aug/Green_23_flip_h.png
edges/imgs/train/rgbr/aug/Green_23_flip_v.jpg edges/edge_maps/train/rgbr/aug/Green_23_flip_v.png
edges/imgs/train/rgbr/aug/Green_23_sat_high.jpg edges/edge_maps/train/rgbr/aug/Green_23_sat_high.png
edges/imgs/train/rgbr/aug/Green_23_sat_low.jpg edges/edge_maps/train/rgbr/aug/Green_23_sat_low.png
edges/imgs/train/rgbr/aug/Green_24.jpg edges/edge_maps/train/rgbr/aug/Green_24.png
edges/imgs/train/rgbr/aug/Green_24_flip_h.jpg edges/edge_maps/train/rgbr/aug/Green_24_flip_h.png
edges/imgs/train/rgbr/aug/Green_24_flip_v.jpg edges/edge_maps/train/rgbr/aug/Green_24_flip_v.png
edges/imgs/train/rgbr/aug/Green_24_sat_high.jpg edges/edge_maps/train/rgbr/aug/Green_24_sat_high.png
edges/imgs/train/rgbr/aug/Green_24_sat_low.jpg edges/edge_maps/train/rgbr/aug/Green_24_sat_low.png
edges/imgs/train/rgbr/aug/Green_25.jpg edges/edge_maps/train/rgbr/aug/Green_25.png
edges/imgs/train/rgbr/aug/Green_25_flip_h.jpg edges/edge_maps/train/rgbr/aug/Green_25_flip_h.png
edges/imgs/train/rgbr/aug/Green_25_flip_v.jpg edges/edge_maps/train/rgbr/aug/Green_25_flip_v.png
edges/imgs/train/rgbr/aug/Green_25_sat_high.jpg edges/edge_maps/train/rgbr/aug/Green_25_sat_high.png
edges/imgs/train/rgbr/aug/Green_25_sat_low.jpg edges/edge_maps/train/rgbr/aug/Green_25_sat_low.png
edges/imgs/train/rgbr/aug/Green_26.jpg edges/edge_maps/train/rgbr/aug/Green_26.png
edges/imgs/train/rgbr/aug/Green_26_flip_h.jpg edges/edge_maps/train/rgbr/aug/Green_26_flip_h.png
edges/imgs/train/rgbr/aug/Green_26_flip_v.jpg edges/edge_maps/train/rgbr/aug/Green_26_flip_v.png
edges/imgs/train/rgbr/aug/Green_26_sat_high.jpg edges/edge_maps/train/rgbr/aug/Green_26_sat_high.png
edges/imgs/train/rgbr/aug/Green_26_sat_low.jpg edges/edge_maps/train/rgbr/aug/Green_26_sat_low.png
edges/imgs/train/rgbr/aug/Green_27.jpg edges/edge_maps/train/rgbr/aug/Green_27.png
edges/imgs/train/rgbr/aug/Green_27_flip_h.jpg edges/edge_maps/train/rgbr/aug/Green_27_flip_h.png
edges/imgs/train/rgbr/aug/Green_27_flip_v.jpg edges/edge_maps/train/rgbr/aug/Green_27_flip_v.png
edges/imgs/train/rgbr/aug/Green_27_sat_high.jpg edges/edge_maps/train/rgbr/aug/Green_27_sat_high.png
edges/imgs/train/rgbr/aug/Green_27_sat_low.jpg edges/edge_maps/train/rgbr/aug/Green_27_sat_low.png
edges/imgs/train/rgbr/aug/Green_28.jpg edges/edge_maps/train/rgbr/aug/Green_28.png
edges/imgs/train/rgbr/aug/Green_28_flip_h.jpg edges/edge_maps/train/rgbr/aug/Green_28_flip_h.png
edges/imgs/train/rgbr/aug/Green_28_flip_v.jpg edges/edge_maps/train/rgbr/aug/Green_28_flip_v.png
edges/imgs/train/rgbr/aug/Green_28_sat_high.jpg edges/edge_maps/train/rgbr/aug/Green_28_sat_high.png
edges/imgs/train/rgbr/aug/Green_28_sat_low.jpg edges/edge_maps/train/rgbr/aug/Green_28_sat_low.png
edges/imgs/train/rgbr/aug/Green_29.jpg edges/edge_maps/train/rgbr/aug/Green_29.png
edges/imgs/train/rgbr/aug/Green_29_flip_h.jpg edges/edge_maps/train/rgbr/aug/Green_29_flip_h.png
edges/imgs/train/rgbr/aug/Green_29_flip_v.jpg edges/edge_maps/train/rgbr/aug/Green_29_flip_v.png
edges/imgs/train/rgbr/aug/Green_29_sat_high.jpg edges/edge_maps/train/rgbr/aug/Green_29_sat_high.png
edges/imgs/train/rgbr/aug/Green_29_sat_low.jpg edges/edge_maps/train/rgbr/aug/Green_29_sat_low.png
edges/imgs/train/rgbr/aug/Green_2_flip_h.jpg edges/edge_maps/train/rgbr/aug/Green_2_flip_h.png
edges/imgs/train/rgbr/aug/Green_2_flip_v.jpg edges/edge_maps/train/rgbr/aug/Green_2_flip_v.png
edges/imgs/train/rgbr/aug/Green_2_sat_high.jpg edges/edge_maps/train/rgbr/aug/Green_2_sat_high.png
edges/imgs/train/rgbr/aug/Green_2_sat_low.jpg edges/edge_maps/train/rgbr/aug/Green_2_sat_low.png
edges/imgs/train/rgbr/aug/Green_3.jpg edges/edge_maps/train/rgbr/aug/Green_3.png
edges/imgs/train/rgbr/aug/Green_30.jpg edges/edge_maps/train/rgbr/aug/Green_30.png
edges/imgs/train/rgbr/aug/Green_30_flip_h.jpg edges/edge_maps/train/rgbr/aug/Green_30_flip_h.png
edges/imgs/train/rgbr/aug/Green_30_flip_v.jpg edges/edge_maps/train/rgbr/aug/Green_30_flip_v.png
edges/imgs/train/rgbr/aug/Green_30_sat_high.jpg edges/edge_maps/train/rgbr/aug/Green_30_sat_high.png
edges/imgs/train/rgbr/aug/Green_30_sat_low.jpg edges/edge_maps/train/rgbr/aug/Green_30_sat_low.png
edges/imgs/train/rgbr/aug/Green_3_flip_h.jpg edges/edge_maps/train/rgbr/aug/Green_3_flip_h.png
edges/imgs/train/rgbr/aug/Green_3_flip_v.jpg edges/edge_maps/train/rgbr/aug/Green_3_flip_v.png
edges/imgs/train/rgbr/aug/Green_3_sat_high.jpg edges/edge_maps/train/rgbr/aug/Green_3_sat_high.png
edges/imgs/train/rgbr/aug/Green_3_sat_low.jpg edges/edge_maps/train/rgbr/aug/Green_3_sat_low.png
edges/imgs/train/rgbr/aug/Green_4.jpg edges/edge_maps/train/rgbr/aug/Green_4.png
edges/imgs/train/rgbr/aug/Green_4_flip_h.jpg edges/edge_maps/train/rgbr/aug/Green_4_flip_h.png
edges/imgs/train/rgbr/aug/Green_4_flip_v.jpg edges/edge_maps/train/rgbr/aug/Green_4_flip_v.png
edges/imgs/train/rgbr/aug/Green_4_sat_high.jpg edges/edge_maps/train/rgbr/aug/Green_4_sat_high.png
edges/imgs/train/rgbr/aug/Green_4_sat_low.jpg edges/edge_maps/train/rgbr/aug/Green_4_sat_low.png
edges/imgs/train/rgbr/aug/Green_5.jpg edges/edge_maps/train/rgbr/aug/Green_5.png
edges/imgs/train/rgbr/aug/Green_5_flip_h.jpg edges/edge_maps/train/rgbr/aug/Green_5_flip_h.png
edges/imgs/train/rgbr/aug/Green_5_flip_v.jpg edges/edge_maps/train/rgbr/aug/Green_5_flip_v.png
edges/imgs/train/rgbr/aug/Green_5_sat_high.jpg edges/edge_maps/train/rgbr/aug/Green_5_sat_high.png
edges/imgs/train/rgbr/aug/Green_5_sat_low.jpg edges/edge_maps/train/rgbr/aug/Green_5_sat_low.png
edges/imgs/train/rgbr/aug/Green_6.jpg edges/edge_maps/train/rgbr/aug/Green_6.png
edges/imgs/train/rgbr/aug/Green_6_flip_h.jpg edges/edge_maps/train/rgbr/aug/Green_6_flip_h.png
edges/imgs/train/rgbr/aug/Green_6_flip_v.jpg edges/edge_maps/train/rgbr/aug/Green_6_flip_v.png
edges/imgs/train/rgbr/aug/Green_6_sat_high.jpg edges/edge_maps/train/rgbr/aug/Green_6_sat_high.png
edges/imgs/train/rgbr/aug/Green_6_sat_low.jpg edges/edge_maps/train/rgbr/aug/Green_6_sat_low.png
edges/imgs/train/rgbr/aug/Green_7.jpg edges/edge_maps/train/rgbr/aug/Green_7.png
edges/imgs/train/rgbr/aug/Green_7_flip_h.jpg edges/edge_maps/train/rgbr/aug/Green_7_flip_h.png
edges/imgs/train/rgbr/aug/Green_7_flip_v.jpg edges/edge_maps/train/rgbr/aug/Green_7_flip_v.png
edges/imgs/train/rgbr/aug/Green_7_sat_high.jpg edges/edge_maps/train/rgbr/aug/Green_7_sat_high.png
edges/imgs/train/rgbr/aug/Green_7_sat_low.jpg edges/edge_maps/train/rgbr/aug/Green_7_sat_low.png
edges/imgs/train/rgbr/aug/Green_8.jpg edges/edge_maps/train/rgbr/aug/Green_8.png
edges/imgs/train/rgbr/aug/Green_8_flip_h.jpg edges/edge_maps/train/rgbr/aug/Green_8_flip_h.png
edges/imgs/train/rgbr/aug/Green_8_flip_v.jpg edges/edge_maps/train/rgbr/aug/Green_8_flip_v.png
edges/imgs/train/rgbr/aug/Green_8_sat_high.jpg edges/edge_maps/train/rgbr/aug/Green_8_sat_high.png
edges/imgs/train/rgbr/aug/Green_8_sat_low.jpg edges/edge_maps/train/rgbr/aug/Green_8_sat_low.png
edges/imgs/train/rgbr/aug/Green_9.jpg edges/edge_maps/train/rgbr/aug/Green_9.png
edges/imgs/train/rgbr/aug/Green_9_flip_h.jpg edges/edge_maps/train/rgbr/aug/Green_9_flip_h.png
edges/imgs/train/rgbr/aug/Green_9_flip_v.jpg edges/edge_maps/train/rgbr/aug/Green_9_flip_v.png
edges/imgs/train/rgbr/aug/Green_9_sat_high.jpg edges/edge_maps/train/rgbr/aug/Green_9_sat_high.png
edges/imgs/train/rgbr/aug/Green_9_sat_low.jpg edges/edge_maps/train/rgbr/aug/Green_9_sat_low.png
edges/imgs/train/rgbr/aug/Rad_1.jpg edges/edge_maps/train/rgbr/aug/Rad_1.png
edges/imgs/train/rgbr/aug/Rad_10.jpg edges/edge_maps/train/rgbr/aug/Rad_10.png
edges/imgs/train/rgbr/aug/Rad_10_flip_h.jpg edges/edge_maps/train/rgbr/aug/Rad_10_flip_h.png
edges/imgs/train/rgbr/aug/Rad_10_flip_v.jpg edges/edge_maps/train/rgbr/aug/Rad_10_flip_v.png
edges/imgs/train/rgbr/aug/Rad_10_sat_high.jpg edges/edge_maps/train/rgbr/aug/Rad_10_sat_high.png
edges/imgs/train/rgbr/aug/Rad_10_sat_low.jpg edges/edge_maps/train/rgbr/aug/Rad_10_sat_low.png
edges/imgs/train/rgbr/aug/Rad_11.jpg edges/edge_maps/train/rgbr/aug/Rad_11.png
edges/imgs/train/rgbr/aug/Rad_11_flip_h.jpg edges/edge_maps/train/rgbr/aug/Rad_11_flip_h.png
edges/imgs/train/rgbr/aug/Rad_11_flip_v.jpg edges/edge_maps/train/rgbr/aug/Rad_11_flip_v.png
edges/imgs/train/rgbr/aug/Rad_11_sat_high.jpg edges/edge_maps/train/rgbr/aug/Rad_11_sat_high.png
edges/imgs/train/rgbr/aug/Rad_11_sat_low.jpg edges/edge_maps/train/rgbr/aug/Rad_11_sat_low.png
edges/imgs/train/rgbr/aug/Rad_13.jpg edges/edge_maps/train/rgbr/aug/Rad_13.png
edges/imgs/train/rgbr/aug/Rad_13_flip_h.jpg edges/edge_maps/train/rgbr/aug/Rad_13_flip_h.png
edges/imgs/train/rgbr/aug/Rad_13_flip_v.jpg edges/edge_maps/train/rgbr/aug/Rad_13_flip_v.png
edges/imgs/train/rgbr/aug/Rad_13_sat_high.jpg edges/edge_maps/train/rgbr/aug/Rad_13_sat_high.png
edges/imgs/train/rgbr/aug/Rad_13_sat_low.jpg edges/edge_maps/train/rgbr/aug/Rad_13_sat_low.png
edges/imgs/train/rgbr/aug/Rad_14.jpg edges/edge_maps/train/rgbr/aug/Rad_14.png
edges/imgs/train/rgbr/aug/Rad_14_flip_h.jpg edges/edge_maps/train/rgbr/aug/Rad_14_flip_h.png
edges/imgs/train/rgbr/aug/Rad_14_flip_v.jpg edges/edge_maps/train/rgbr/aug/Rad_14_flip_v.png
edges/imgs/train/rgbr/aug/Rad_14_sat_high.jpg edges/edge_maps/train/rgbr/aug/Rad_14_sat_high.png
edges/imgs/train/rgbr/aug/Rad_14_sat_low.jpg edges/edge_maps/train/rgbr/aug/Rad_14_sat_low.png
edges/imgs/train/rgbr/aug/Rad_15.jpg edges/edge_maps/train/rgbr/aug/Rad_15.png
edges/imgs/train/rgbr/aug/Rad_15_flip_h.jpg edges/edge_maps/train/rgbr/aug/Rad_15_flip_h.png
edges/imgs/train/rgbr/aug/Rad_15_flip_v.jpg edges/edge_maps/train/rgbr/aug/Rad_15_flip_v.png
edges/imgs/train/rgbr/aug/Rad_15_sat_high.jpg edges/edge_maps/train/rgbr/aug/Rad_15_sat_high.png
edges/imgs/train/rgbr/aug/Rad_15_sat_low.jpg edges/edge_maps/train/rgbr/aug/Rad_15_sat_low.png
edges/imgs/train/rgbr/aug/Rad_16.jpg edges/edge_maps/train/rgbr/aug/Rad_16.png
edges/imgs/train/rgbr/aug/Rad_16_flip_h.jpg edges/edge_maps/train/rgbr/aug/Rad_16_flip_h.png
edges/imgs/train/rgbr/aug/Rad_16_flip_v.jpg edges/edge_maps/train/rgbr/aug/Rad_16_flip_v.png
edges/imgs/train/rgbr/aug/Rad_16_sat_high.jpg edges/edge_maps/train/rgbr/aug/Rad_16_sat_high.png
edges/imgs/train/rgbr/aug/Rad_16_sat_low.jpg edges/edge_maps/train/rgbr/aug/Rad_16_sat_low.png
edges/imgs/train/rgbr/aug/Rad_18.jpg edges/edge_maps/train/rgbr/aug/Rad_18.png
edges/imgs/train/rgbr/aug/Rad_18_flip_h.jpg edges/edge_maps/train/rgbr/aug/Rad_18_flip_h.png
edges/imgs/train/rgbr/aug/Rad_18_flip_v.jpg edges/edge_maps/train/rgbr/aug/Rad_18_flip_v.png
edges/imgs/train/rgbr/aug/Rad_18_sat_high.jpg edges/edge_maps/train/rgbr/aug/Rad_18_sat_high.png
edges/imgs/train/rgbr/aug/Rad_18_sat_low.jpg edges/edge_maps/train/rgbr/aug/Rad_18_sat_low.png
edges/imgs/train/rgbr/aug/Rad_1_flip_h.jpg edges/edge_maps/train/rgbr/aug/Rad_1_flip_h.png
edges/imgs/train/rgbr/aug/Rad_1_flip_v.jpg edges/edge_maps/train/rgbr/aug/Rad_1_flip_v.png
edges/imgs/train/rgbr/aug/Rad_1_sat_high.jpg edges/edge_maps/train/rgbr/aug/Rad_1_sat_high.png
edges/imgs/train/rgbr/aug/Rad_1_sat_low.jpg edges/edge_maps/train/rgbr/aug/Rad_1_sat_low.png
edges/imgs/train/rgbr/aug/Rad_2.jpg edges/edge_maps/train/rgbr/aug/Rad_2.png
edges/imgs/train/rgbr/aug/Rad_20.jpg edges/edge_maps/train/rgbr/aug/Rad_20.png
edges/imgs/train/rgbr/aug/Rad_20_flip_h.jpg edges/edge_maps/train/rgbr/aug/Rad_20_flip_h.png
edges/imgs/train/rgbr/aug/Rad_20_flip_v.jpg edges/edge_maps/train/rgbr/aug/Rad_20_flip_v.png
edges/imgs/train/rgbr/aug/Rad_20_sat_high.jpg edges/edge_maps/train/rgbr/aug/Rad_20_sat_high.png
edges/imgs/train/rgbr/aug/Rad_20_sat_low.jpg edges/edge_maps/train/rgbr/aug/Rad_20_sat_low.png
edges/imgs/train/rgbr/aug/Rad_21.jpg edges/edge_maps/train/rgbr/aug/Rad_21.png
edges/imgs/train/rgbr/aug/Rad_21_flip_h.jpg edges/edge_maps/train/rgbr/aug/Rad_21_flip_h.png
edges/imgs/train/rgbr/aug/Rad_21_flip_v.jpg edges/edge_maps/train/rgbr/aug/Rad_21_flip_v.png
edges/imgs/train/rgbr/aug/Rad_21_sat_high.jpg edges/edge_maps/train/rgbr/aug/Rad_21_sat_high.png
edges/imgs/train/rgbr/aug/Rad_21_sat_low.jpg edges/edge_maps/train/rgbr/aug/Rad_21_sat_low.png
edges/imgs/train/rgbr/aug/Rad_23.jpg edges/edge_maps/train/rgbr/aug/Rad_23.png
edges/imgs/train/rgbr/aug/Rad_23_flip_h.jpg edges/edge_maps/train/rgbr/aug/Rad_23_flip_h.png
edges/imgs/train/rgbr/aug/Rad_23_flip_v.jpg edges/edge_maps/train/rgbr/aug/Rad_23_flip_v.png
edges/imgs/train/rgbr/aug/Rad_23_sat_high.jpg edges/edge_maps/train/rgbr/aug/Rad_23_sat_high.png
edges/imgs/train/rgbr/aug/Rad_23_sat_low.jpg edges/edge_maps/train/rgbr/aug/Rad_23_sat_low.png
edges/imgs/train/rgbr/aug/Rad_25.jpg edges/edge_maps/train/rgbr/aug/Rad_25.png
edges/imgs/train/rgbr/aug/Rad_25_flip_h.jpg edges/edge_maps/train/rgbr/aug/Rad_25_flip_h.png
edges/imgs/train/rgbr/aug/Rad_25_flip_v.jpg edges/edge_maps/train/rgbr/aug/Rad_25_flip_v.png
edges/imgs/train/rgbr/aug/Rad_25_sat_high.jpg edges/edge_maps/train/rgbr/aug/Rad_25_sat_high.png
edges/imgs/train/rgbr/aug/Rad_25_sat_low.jpg edges/edge_maps/train/rgbr/aug/Rad_25_sat_low.png
edges/imgs/train/rgbr/aug/Rad_26.jpg edges/edge_maps/train/rgbr/aug/Rad_26.png
edges/imgs/train/rgbr/aug/Rad_26_flip_h.jpg edges/edge_maps/train/rgbr/aug/Rad_26_flip_h.png
edges/imgs/train/rgbr/aug/Rad_26_flip_v.jpg edges/edge_maps/train/rgbr/aug/Rad_26_flip_v.png
edges/imgs/train/rgbr/aug/Rad_26_sat_high.jpg edges/edge_maps/train/rgbr/aug/Rad_26_sat_high.png
edges/imgs/train/rgbr/aug/Rad_26_sat_low.jpg edges/edge_maps/train/rgbr/aug/Rad_26_sat_low.png
edges/imgs/train/rgbr/aug/Rad_27.jpg edges/edge_maps/train/rgbr/aug/Rad_27.png
edges/imgs/train/rgbr/aug/Rad_27_flip_h.jpg edges/edge_maps/train/rgbr/aug/Rad_27_flip_h.png
edges/imgs/train/rgbr/aug/Rad_27_flip_v.jpg edges/edge_maps/train/rgbr/aug/Rad_27_flip_v.png
edges/imgs/train/rgbr/aug/Rad_27_sat_high.jpg edges/edge_maps/train/rgbr/aug/Rad_27_sat_high.png
edges/imgs/train/rgbr/aug/Rad_27_sat_low.jpg edges/edge_maps/train/rgbr/aug/Rad_27_sat_low.png
edges/imgs/train/rgbr/aug/Rad_2_flip_h.jpg edges/edge_maps/train/rgbr/aug/Rad_2_flip_h.png
edges/imgs/train/rgbr/aug/Rad_2_flip_v.jpg edges/edge_maps/train/rgbr/aug/Rad_2_flip_v.png
edges/imgs/train/rgbr/aug/Rad_2_sat_high.jpg edges/edge_maps/train/rgbr/aug/Rad_2_sat_high.png
edges/imgs/train/rgbr/aug/Rad_2_sat_low.jpg edges/edge_maps/train/rgbr/aug/Rad_2_sat_low.png
edges/imgs/train/rgbr/aug/Rad_3.jpg edges/edge_maps/train/rgbr/aug/Rad_3.png
edges/imgs/train/rgbr/aug/Rad_30.jpg edges/edge_maps/train/rgbr/aug/Rad_30.png
edges/imgs/train/rgbr/aug/Rad_30_flip_h.jpg edges/edge_maps/train/rgbr/aug/Rad_30_flip_h.png
edges/imgs/train/rgbr/aug/Rad_30_flip_v.jpg edges/edge_maps/train/rgbr/aug/Rad_30_flip_v.png
edges/imgs/train/rgbr/aug/Rad_30_sat_high.jpg edges/edge_maps/train/rgbr/aug/Rad_30_sat_high.png
edges/imgs/train/rgbr/aug/Rad_30_sat_low.jpg edges/edge_maps/train/rgbr/aug/Rad_30_sat_low.png
edges/imgs/train/rgbr/aug/Rad_31.jpg edges/edge_maps/train/rgbr/aug/Rad_31.png
edges/imgs/train/rgbr/aug/Rad_31_flip_h.jpg edges/edge_maps/train/rgbr/aug/Rad_31_flip_h.png
edges/imgs/train/rgbr/aug/Rad_31_flip_v.jpg edges/edge_maps/train/rgbr/aug/Rad_31_flip_v.png
edges/imgs/train/rgbr/aug/Rad_31_sat_high.jpg edges/edge_maps/train/rgbr/aug/Rad_31_sat_high.png
edges/imgs/train/rgbr/aug/Rad_31_sat_low.jpg edges/edge_maps/train/rgbr/aug/Rad_31_sat_low.png
edges/imgs/train/rgbr/aug/Rad_32.jpg edges/edge_maps/train/rgbr/aug/Rad_32.png
edges/imgs/train/rgbr/aug/Rad_32_flip_h.jpg edges/edge_maps/train/rgbr/aug/Rad_32_flip_h.png
edges/imgs/train/rgbr/aug/Rad_32_flip_v.jpg edges/edge_maps/train/rgbr/aug/Rad_32_flip_v.png
edges/imgs/train/rgbr/aug/Rad_32_sat_high.jpg edges/edge_maps/train/rgbr/aug/Rad_32_sat_high.png
edges/imgs/train/rgbr/aug/Rad_32_sat_low.jpg edges/edge_maps/train/rgbr/aug/Rad_32_sat_low.png
edges/imgs/train/rgbr/aug/Rad_3_flip_h.jpg edges/edge_maps/train/rgbr/aug/Rad_3_flip_h.png
edges/imgs/train/rgbr/aug/Rad_3_flip_v.jpg edges/edge_maps/train/rgbr/aug/Rad_3_flip_v.png
edges/imgs/train/rgbr/aug/Rad_3_sat_high.jpg edges/edge_maps/train/rgbr/aug/Rad_3_sat_high.png
edges/imgs/train/rgbr/aug/Rad_3_sat_low.jpg edges/edge_maps/train/rgbr/aug/Rad_3_sat_low.png
edges/imgs/train/rgbr/aug/Rad_5.jpg edges/edge_maps/train/rgbr/aug/Rad_5.png
edges/imgs/train/rgbr/aug/Rad_5_flip_h.jpg edges/edge_maps/train/rgbr/aug/Rad_5_flip_h.png
edges/imgs/train/rgbr/aug/Rad_5_flip_v.jpg edges/edge_maps/train/rgbr/aug/Rad_5_flip_v.png
edges/imgs/train/rgbr/aug/Rad_5_sat_high.jpg edges/edge_maps/train/rgbr/aug/Rad_5_sat_high.png
edges/imgs/train/rgbr/aug/Rad_5_sat_low.jpg edges/edge_maps/train/rgbr/aug/Rad_5_sat_low.png
edges/imgs/train/rgbr/aug/Rad_6.jpg edges/edge_maps/train/rgbr/aug/Rad_6.png
edges/imgs/train/rgbr/aug/Rad_6_flip_h.jpg edges/edge_maps/train/rgbr/aug/Rad_6_flip_h.png
edges/imgs/train/rgbr/aug/Rad_6_flip_v.jpg edges/edge_maps/train/rgbr/aug/Rad_6_flip_v.png
edges/imgs/train/rgbr/aug/Rad_6_sat_high.jpg edges/edge_maps/train/rgbr/aug/Rad_6_sat_high.png
edges/imgs/train/rgbr/aug/Rad_6_sat_low.jpg edges/edge_maps/train/rgbr/aug/Rad_6_sat_low.png
edges/imgs/train/rgbr/aug/Rad_7.jpg edges/edge_maps/train/rgbr/aug/Rad_7.png
edges/imgs/train/rgbr/aug/Rad_7_flip_h.jpg edges/edge_maps/train/rgbr/aug/Rad_7_flip_h.png
edges/imgs/train/rgbr/aug/Rad_7_flip_v.jpg edges/edge_maps/train/rgbr/aug/Rad_7_flip_v.png
edges/imgs/train/rgbr/aug/Rad_7_sat_high.jpg edges/edge_maps/train/rgbr/aug/Rad_7_sat_high.png
edges/imgs/train/rgbr/aug/Rad_7_sat_low.jpg edges/edge_maps/train/rgbr/aug/Rad_7_sat_low.png
edges/imgs/train/rgbr/aug/Rad_8.jpg edges/edge_maps/train/rgbr/aug/Rad_8.png
edges/imgs/train/rgbr/aug/Rad_8_flip_h.jpg edges/edge_maps/train/rgbr/aug/Rad_8_flip_h.png
edges/imgs/train/rgbr/aug/Rad_8_flip_v.jpg edges/edge_maps/train/rgbr/aug/Rad_8_flip_v.png
edges/imgs/train/rgbr/aug/Rad_8_sat_high.jpg edges/edge_maps/train/rgbr/aug/Rad_8_sat_high.png
edges/imgs/train/rgbr/aug/Rad_8_sat_low.jpg edges/edge_maps/train/rgbr/aug/Rad_8_sat_low.png
edges/imgs/train/rgbr/aug/Rad_9.jpg edges/edge_maps/train/rgbr/aug/Rad_9.png
edges/imgs/train/rgbr/aug/Rad_9_flip_h.jpg edges/edge_maps/train/rgbr/aug/Rad_9_flip_h.png
edges/imgs/train/rgbr/aug/Rad_9_flip_v.jpg edges/edge_maps/train/rgbr/aug/Rad_9_flip_v.png
edges/imgs/train/rgbr/aug/Rad_9_sat_high.jpg edges/edge_maps/train/rgbr/aug/Rad_9_sat_high.png
edges/imgs/train/rgbr/aug/Rad_9_sat_low.jpg edges/edge_maps/train/rgbr/aug/Rad_9_sat_low.png
edges/imgs/train/rgbr/aug/White_1.jpg edges/edge_maps/train/rgbr/aug/White_1.png
edges/imgs/train/rgbr/aug/White_10.jpg edges/edge_maps/train/rgbr/aug/White_10.png
edges/imgs/train/rgbr/aug/White_10_flip_h.jpg edges/edge_maps/train/rgbr/aug/White_10_flip_h.png
edges/imgs/train/rgbr/aug/White_10_flip_v.jpg edges/edge_maps/train/rgbr/aug/White_10_flip_v.png
edges/imgs/train/rgbr/aug/White_10_sat_high.jpg edges/edge_maps/train/rgbr/aug/White_10_sat_high.png
edges/imgs/train/rgbr/aug/White_10_sat_low.jpg edges/edge_maps/train/rgbr/aug/White_10_sat_low.png
edges/imgs/train/rgbr/aug/White_12.jpg edges/edge_maps/train/rgbr/aug/White_12.png
edges/imgs/train/rgbr/aug/White_12_flip_h.jpg edges/edge_maps/train/rgbr/aug/White_12_flip_h.png
edges/imgs/train/rgbr/aug/White_12_flip_v.jpg edges/edge_maps/train/rgbr/aug/White_12_flip_v.png
edges/imgs/train/rgbr/aug/White_12_sat_high.jpg edges/edge_maps/train/rgbr/aug/White_12_sat_high.png
edges/imgs/train/rgbr/aug/White_12_sat_low.jpg edges/edge_maps/train/rgbr/aug/White_12_sat_low.png
edges/imgs/train/rgbr/aug/White_13.jpg edges/edge_maps/train/rgbr/aug/White_13.png
edges/imgs/train/rgbr/aug/White_13_flip_h.jpg edges/edge_maps/train/rgbr/aug/White_13_flip_h.png
edges/imgs/train/rgbr/aug/White_13_flip_v.jpg edges/edge_maps/train/rgbr/aug/White_13_flip_v.png
edges/imgs/train/rgbr/aug/White_13_sat_high.jpg edges/edge_maps/train/rgbr/aug/White_13_sat_high.png
edges/imgs/train/rgbr/aug/White_13_sat_low.jpg edges/edge_maps/train/rgbr/aug/White_13_sat_low.png
edges/imgs/train/rgbr/aug/White_14.jpg edges/edge_maps/train/rgbr/aug/White_14.png
edges/imgs/train/rgbr/aug/White_14_flip_h.jpg edges/edge_maps/train/rgbr/aug/White_14_flip_h.png
edges/imgs/train/rgbr/aug/White_14_flip_v.jpg edges/edge_maps/train/rgbr/aug/White_14_flip_v.png
edges/imgs/train/rgbr/aug/White_14_sat_high.jpg edges/edge_maps/train/rgbr/aug/White_14_sat_high.png
edges/imgs/train/rgbr/aug/White_14_sat_low.jpg edges/edge_maps/train/rgbr/aug/White_14_sat_low.png
edges/imgs/train/rgbr/aug/White_15.jpg edges/edge_maps/train/rgbr/aug/White_15.png
edges/imgs/train/rgbr/aug/White_15_flip_h.jpg edges/edge_maps/train/rgbr/aug/White_15_flip_h.png
edges/imgs/train/rgbr/aug/White_15_flip_v.jpg edges/edge_maps/train/rgbr/aug/White_15_flip_v.png
edges/imgs/train/rgbr/aug/White_15_sat_high.jpg edges/edge_maps/train/rgbr/aug/White_15_sat_high.png
edges/imgs/train/rgbr/aug/White_15_sat_low.jpg edges/edge_maps/train/rgbr/aug/White_15_sat_low.png
edges/imgs/train/rgbr/aug/White_16.jpg edges/edge_maps/train/rgbr/aug/White_16.png
edges/imgs/train/rgbr/aug/White_16_flip_h.jpg edges/edge_maps/train/rgbr/aug/White_16_flip_h.png
edges/imgs/train/rgbr/aug/White_16_flip_v.jpg edges/edge_maps/train/rgbr/aug/White_16_flip_v.png
edges/imgs/train/rgbr/aug/White_16_sat_high.jpg edges/edge_maps/train/rgbr/aug/White_16_sat_high.png
edges/imgs/train/rgbr/aug/White_16_sat_low.jpg edges/edge_maps/train/rgbr/aug/White_16_sat_low.png
edges/imgs/train/rgbr/aug/White_17.jpg edges/edge_maps/train/rgbr/aug/White_17.png
edges/imgs/train/rgbr/aug/White_17_flip_h.jpg edges/edge_maps/train/rgbr/aug/White_17_flip_h.png
edges/imgs/train/rgbr/aug/White_17_flip_v.jpg edges/edge_maps/train/rgbr/aug/White_17_flip_v.png
edges/imgs/train/rgbr/aug/White_17_sat_high.jpg edges/edge_maps/train/rgbr/aug/White_17_sat_high.png
edges/imgs/train/rgbr/aug/White_17_sat_low.jpg edges/edge_maps/train/rgbr/aug/White_17_sat_low.png
edges/imgs/train/rgbr/aug/White_18.jpg edges/edge_maps/train/rgbr/aug/White_18.png
edges/imgs/train/rgbr/aug/White_18_flip_h.jpg edges/edge_maps/train/rgbr/aug/White_18_flip_h.png
edges/imgs/train/rgbr/aug/White_18_flip_v.jpg edges/edge_maps/train/rgbr/aug/White_18_flip_v.png
edges/imgs/train/rgbr/aug/White_18_sat_high.jpg edges/edge_maps/train/rgbr/aug/White_18_sat_high.png
edges/imgs/train/rgbr/aug/White_18_sat_low.jpg edges/edge_maps/train/rgbr/aug/White_18_sat_low.png
edges/imgs/train/rgbr/aug/White_19.jpg edges/edge_maps/train/rgbr/aug/White_19.png
edges/imgs/train/rgbr/aug/White_19_flip_h.jpg edges/edge_maps/train/rgbr/aug/White_19_flip_h.png
edges/imgs/train/rgbr/aug/White_19_flip_v.jpg edges/edge_maps/train/rgbr/aug/White_19_flip_v.png
edges/imgs/train/rgbr/aug/White_19_sat_high.jpg edges/edge_maps/train/rgbr/aug/White_19_sat_high.png
edges/imgs/train/rgbr/aug/White_19_sat_low.jpg edges/edge_maps/train/rgbr/aug/White_19_sat_low.png
edges/imgs/train/rgbr/aug/White_1_flip_h.jpg edges/edge_maps/train/rgbr/aug/White_1_flip_h.png
edges/imgs/train/rgbr/aug/White_1_flip_v.jpg edges/edge_maps/train/rgbr/aug/White_1_flip_v.png
edges/imgs/train/rgbr/aug/White_1_sat_high.jpg edges/edge_maps/train/rgbr/aug/White_1_sat_high.png
edges/imgs/train/rgbr/aug/White_1_sat_low.jpg edges/edge_maps/train/rgbr/aug/White_1_sat_low.png
edges/imgs/train/rgbr/aug/White_2.jpg edges/edge_maps/train/rgbr/aug/White_2.png
edges/imgs/train/rgbr/aug/White_20.jpg edges/edge_maps/train/rgbr/aug/White_20.png
edges/imgs/train/rgbr/aug/White_20_flip_h.jpg edges/edge_maps/train/rgbr/aug/White_20_flip_h.png
edges/imgs/train/rgbr/aug/White_20_flip_v.jpg edges/edge_maps/train/rgbr/aug/White_20_flip_v.png
edges/imgs/train/rgbr/aug/White_20_sat_high.jpg edges/edge_maps/train/rgbr/aug/White_20_sat_high.png
edges/imgs/train/rgbr/aug/White_20_sat_low.jpg edges/edge_maps/train/rgbr/aug/White_20_sat_low.png
edges/imgs/train/rgbr/aug/White_21.jpg edges/edge_maps/train/rgbr/aug/White_21.png
edges/imgs/train/rgbr/aug/White_21_flip_h.jpg edges/edge_maps/train/rgbr/aug/White_21_flip_h.png
edges/imgs/train/rgbr/aug/White_21_flip_v.jpg edges/edge_maps/train/rgbr/aug/White_21_flip_v.png
edges/imgs/train/rgbr/aug/White_21_sat_high.jpg edges/edge_maps/train/rgbr/aug/White_21_sat_high.png
edges/imgs/train/rgbr/aug/White_21_sat_low.jpg edges/edge_maps/train/rgbr/aug/White_21_sat_low.png
edges/imgs/train/rgbr/aug/White_23.jpg edges/edge_maps/train/rgbr/aug/White_23.png
edges/imgs/train/rgbr/aug/White_23_flip_h.jpg edges/edge_maps/train/rgbr/aug/White_23_flip_h.png
edges/imgs/train/rgbr/aug/White_23_flip_v.jpg edges/edge_maps/train/rgbr/aug/White_23_flip_v.png
edges/imgs/train/rgbr/aug/White_23_sat_high.jpg edges/edge_maps/train/rgbr/aug/White_23_sat_high.png
edges/imgs/train/rgbr/aug/White_23_sat_low.jpg edges/edge_maps/train/rgbr/aug/White_23_sat_low.png
edges/imgs/train/rgbr/aug/White_24.jpg edges/edge_maps/train/rgbr/aug/White_24.png
edges/imgs/train/rgbr/aug/White_24_flip_h.jpg edges/edge_maps/train/rgbr/aug/White_24_flip_h.png
edges/imgs/train/rgbr/aug/White_24_flip_v.jpg edges/edge_maps/train/rgbr/aug/White_24_flip_v.png
edges/imgs/train/rgbr/aug/White_24_sat_high.jpg edges/edge_maps/train/rgbr/aug/White_24_sat_high.png
edges/imgs/train/rgbr/aug/White_24_sat_low.jpg edges/edge_maps/train/rgbr/aug/White_24_sat_low.png
edges/imgs/train/rgbr/aug/White_25.jpg edges/edge_maps/train/rgbr/aug/White_25.png
edges/imgs/train/rgbr/aug/White_25_flip_h.jpg edges/edge_maps/train/rgbr/aug/White_25_flip_h.png
edges/imgs/train/rgbr/aug/White_25_flip_v.jpg edges/edge_maps/train/rgbr/aug/White_25_flip_v.png
edges/imgs/train/rgbr/aug/White_25_sat_high.jpg edges/edge_maps/train/rgbr/aug/White_25_sat_high.png
edges/imgs/train/rgbr/aug/White_25_sat_low.jpg edges/edge_maps/train/rgbr/aug/White_25_sat_low.png
edges/imgs/train/rgbr/aug/White_27.jpg edges/edge_maps/train/rgbr/aug/White_27.png
edges/imgs/train/rgbr/aug/White_27_flip_h.jpg edges/edge_maps/train/rgbr/aug/White_27_flip_h.png
edges/imgs/train/rgbr/aug/White_27_flip_v.jpg edges/edge_maps/train/rgbr/aug/White_27_flip_v.png
edges/imgs/train/rgbr/aug/White_27_sat_high.jpg edges/edge_maps/train/rgbr/aug/White_27_sat_high.png
edges/imgs/train/rgbr/aug/White_27_sat_low.jpg edges/edge_maps/train/rgbr/aug/White_27_sat_low.png
edges/imgs/train/rgbr/aug/White_28.jpg edges/edge_maps/train/rgbr/aug/White_28.png
edges/imgs/train/rgbr/aug/White_28_flip_h.jpg edges/edge_maps/train/rgbr/aug/White_28_flip_h.png
edges/imgs/train/rgbr/aug/White_28_flip_v.jpg edges/edge_maps/train/rgbr/aug/White_28_flip_v.png
edges/imgs/train/rgbr/aug/White_28_sat_high.jpg edges/edge_maps/train/rgbr/aug/White_28_sat_high.png
edges/imgs/train/rgbr/aug/White_28_sat_low.jpg edges/edge_maps/train/rgbr/aug/White_28_sat_low.png
edges/imgs/train/rgbr/aug/White_29.jpg edges/edge_maps/train/rgbr/aug/White_29.png
edges/imgs/train/rgbr/aug/White_29_flip_h.jpg edges/edge_maps/train/rgbr/aug/White_29_flip_h.png
edges/imgs/train/rgbr/aug/White_29_flip_v.jpg edges/edge_maps/train/rgbr/aug/White_29_flip_v.png
edges/imgs/train/rgbr/aug/White_29_sat_high.jpg edges/edge_maps/train/rgbr/aug/White_29_sat_high.png
edges/imgs/train/rgbr/aug/White_29_sat_low.jpg edges/edge_maps/train/rgbr/aug/White_29_sat_low.png
edges/imgs/train/rgbr/aug/White_2_flip_h.jpg edges/edge_maps/train/rgbr/aug/White_2_flip_h.png
edges/imgs/train/rgbr/aug/White_2_flip_v.jpg edges/edge_maps/train/rgbr/aug/White_2_flip_v.png
edges/imgs/train/rgbr/aug/White_2_sat_high.jpg edges/edge_maps/train/rgbr/aug/White_2_sat_high.png
edges/imgs/train/rgbr/aug/White_2_sat_low.jpg edges/edge_maps/train/rgbr/aug/White_2_sat_low.png
edges/imgs/train/rgbr/aug/White_3.jpg edges/edge_maps/train/rgbr/aug/White_3.png
edges/imgs/train/rgbr/aug/White_31.jpg edges/edge_maps/train/rgbr/aug/White_31.png
edges/imgs/train/rgbr/aug/White_31_flip_h.jpg edges/edge_maps/train/rgbr/aug/White_31_flip_h.png
edges/imgs/train/rgbr/aug/White_31_flip_v.jpg edges/edge_maps/train/rgbr/aug/White_31_flip_v.png
edges/imgs/train/rgbr/aug/White_31_sat_high.jpg edges/edge_maps/train/rgbr/aug/White_31_sat_high.png
edges/imgs/train/rgbr/aug/White_31_sat_low.jpg edges/edge_maps/train/rgbr/aug/White_31_sat_low.png
edges/imgs/train/rgbr/aug/White_32.jpg edges/edge_maps/train/rgbr/aug/White_32.png
edges/imgs/train/rgbr/aug/White_32_flip_h.jpg edges/edge_maps/train/rgbr/aug/White_32_flip_h.png
edges/imgs/train/rgbr/aug/White_32_flip_v.jpg edges/edge_maps/train/rgbr/aug/White_32_flip_v.png
edges/imgs/train/rgbr/aug/White_32_sat_high.jpg edges/edge_maps/train/rgbr/aug/White_32_sat_high.png
edges/imgs/train/rgbr/aug/White_32_sat_low.jpg edges/edge_maps/train/rgbr/aug/White_32_sat_low.png
edges/imgs/train/rgbr/aug/White_3_flip_h.jpg edges/edge_maps/train/rgbr/aug/White_3_flip_h.png
edges/imgs/train/rgbr/aug/White_3_flip_v.jpg edges/edge_maps/train/rgbr/aug/White_3_flip_v.png
edges/imgs/train/rgbr/aug/White_3_sat_high.jpg edges/edge_maps/train/rgbr/aug/White_3_sat_high.png
edges/imgs/train/rgbr/aug/White_3_sat_low.jpg edges/edge_maps/train/rgbr/aug/White_3_sat_low.png
edges/imgs/train/rgbr/aug/White_4.jpg edges/edge_maps/train/rgbr/aug/White_4.png
edges/imgs/train/rgbr/aug/White_4_flip_h.jpg edges/edge_maps/train/rgbr/aug/White_4_flip_h.png
edges/imgs/train/rgbr/aug/White_4_flip_v.jpg edges/edge_maps/train/rgbr/aug/White_4_flip_v.png
edges/imgs/train/rgbr/aug/White_4_sat_high.jpg edges/edge_maps/train/rgbr/aug/White_4_sat_high.png
edges/imgs/train/rgbr/aug/White_4_sat_low.jpg edges/edge_maps/train/rgbr/aug/White_4_sat_low.png
edges/imgs/train/rgbr/aug/White_5.jpg edges/edge_maps/train/rgbr/aug/White_5.png
edges/imgs/train/rgbr/aug/White_5_flip_h.jpg edges/edge_maps/train/rgbr/aug/White_5_flip_h.png
edges/imgs/train/rgbr/aug/White_5_flip_v.jpg edges/edge_maps/train/rgbr/aug/White_5_flip_v.png
edges/imgs/train/rgbr/aug/White_5_sat_high.jpg edges/edge_maps/train/rgbr/aug/White_5_sat_high.png
edges/imgs/train/rgbr/aug/White_5_sat_low.jpg edges/edge_maps/train/rgbr/aug/White_5_sat_low.png
edges/imgs/train/rgbr/aug/White_8.jpg edges/edge_maps/train/rgbr/aug/White_8.png
edges/imgs/train/rgbr/aug/White_8_flip_h.jpg edges/edge_maps/train/rgbr/aug/White_8_flip_h.png
edges/imgs/train/rgbr/aug/White_8_flip_v.jpg edges/edge_maps/train/rgbr/aug/White_8_flip_v.png
edges/imgs/train/rgbr/aug/White_8_sat_high.jpg edges/edge_maps/train/rgbr/aug/White_8_sat_high.png
edges/imgs/train/rgbr/aug/White_8_sat_low.jpg edges/edge_maps/train/rgbr/aug/White_8_sat_low.png
edges/imgs/train/rgbr/aug/White_9.jpg edges/edge_maps/train/rgbr/aug/White_9.png
edges/imgs/train/rgbr/aug/White_9_flip_h.jpg edges/edge_maps/train/rgbr/aug/White_9_flip_h.png
edges/imgs/train/rgbr/aug/White_9_flip_v.jpg edges/edge_maps/train/rgbr/aug/White_9_flip_v.png
edges/imgs/train/rgbr/aug/White_9_sat_high.jpg edges/edge_maps/train/rgbr/aug/White_9_sat_high.png
edges/imgs/train/rgbr/aug/White_9_sat_low.jpg edges/edge_maps/train/rgbr/aug/White_9_sat_low.png
